// Jest Snapshot v1, https://goo.gl/fbAQLP

exports[`renders 1`] = `
<div
  class="tile state-idle touchable"
  data-testid="tile"
  style="cursor: pointer;"
>
  <div
    class="tile-container"
  >
    <div
      class="tile-cover"
    >
      <div>
        loading camera
      </div>
    </div>
    <div
      class="tile-body"
    />
    <div
      class="tile-title"
    >
      Test Camera
    </div>
  </div>
</div>
`;
